Copyright 1986-2022 Xilinx, Inc. All Rights Reserved. Copyright 2022-2025 Advanced Micro Devices, Inc. All Rights Reserved.
--------------------------------------------------------------------------------------------------------------------------------------------------
| Tool Version      : Vivado v.2025.2 (win64) Build 6299465 Fri Nov 14 19:35:11 GMT 2025
| Date              : Sun Jun 28 00:09:29 2026
| Host              : robot running 64-bit major release  (build 9200)
| Command           : report_timing_summary -file G:/UESTC/feitengspan1/W8A12_3lane/evidence/resource/A4_3lane_mac_scheduler_ooc/timing_ooc.rpt
| Design            : w8a12_3lane_mac_scheduler_ooc_top
| Device            : xczu19eg-ffvc1760
| Speed File        : -2  PRODUCTION 1.30 05-15-2022
| Design State      : Synthesized
| Temperature Grade : I
--------------------------------------------------------------------------------------------------------------------------------------------------

Timing Summary Report

------------------------------------------------------------------------------------------------
| Timer Settings
| --------------
------------------------------------------------------------------------------------------------

  Enable Multi Corner Analysis               :  Yes
  Enable Pessimism Removal                   :  Yes
  Pessimism Removal Resolution               :  Nearest Common Node
  Enable Input Delay Default Clock           :  No
  Enable Preset / Clear Arcs                 :  No
  Disable Flight Delays                      :  No
  Ignore I/O Paths                           :  No
  Timing Early Launch at Borrowing Latches   :  No
  Borrow Time for Max Delay Exceptions       :  Yes
  Merge Timing Exceptions                    :  Yes
  Inter-SLR Compensation                     :  Conservative

  Corner  Analyze    Analyze    
  Name    Max Paths  Min Paths  
  ------  ---------  ---------  
  Slow    Yes        Yes        
  Fast    Yes        Yes        


------------------------------------------------------------------------------------------------
| Report Methodology
| ------------------
------------------------------------------------------------------------------------------------

No report available as report_methodology has not been run prior. Run report_methodology on the current design for the summary of methodology violations.



check_timing report

Table of Contents
-----------------
1. checking no_clock (0)
2. checking constant_clock (0)
3. checking pulse_width_clock (0)
4. checking unconstrained_internal_endpoints (0)
5. checking no_input_delay (5187)
6. checking no_output_delay (578)
7. checking multiple_clock (0)
8. checking generated_clocks (0)
9. checking loops (0)
10. checking partial_input_delay (0)
11. checking partial_output_delay (0)
12. checking latch_loops (0)

1. checking no_clock (0)
------------------------
 There are 0 register/latch pins with no clock.


2. checking constant_clock (0)
------------------------------
 There are 0 register/latch pins with constant_clock.


3. checking pulse_width_clock (0)
---------------------------------
 There are 0 register/latch pins which need pulse_width check


4. checking unconstrained_internal_endpoints (0)
------------------------------------------------
 There are 0 pins that are not constrained for maximum delay.

 There are 0 pins that are not constrained for maximum delay due to constant clock.


5. checking no_input_delay (5187)
---------------------------------
 There are 5187 input ports with no input delay specified. (HIGH)

 There are 0 input ports with no input delay but user has a false path constraint.


6. checking no_output_delay (578)
---------------------------------
 There are 578 ports with no output delay specified. (HIGH)

 There are 0 ports with no output delay but user has a false path constraint

 There are 0 ports with no output delay but with a timing clock defined on it or propagating through it


7. checking multiple_clock (0)
------------------------------
 There are 0 register/latch pins with multiple clocks.


8. checking generated_clocks (0)
--------------------------------
 There are 0 generated clocks that are not connected to a clock source.


9. checking loops (0)
---------------------
 There are 0 combinational loops in the design.


10. checking partial_input_delay (0)
------------------------------------
 There are 0 input ports with partial input delay specified.


11. checking partial_output_delay (0)
-------------------------------------
 There are 0 ports with partial output delay specified.


12. checking latch_loops (0)
----------------------------
 There are 0 combinational latch loops in the design through latch input



------------------------------------------------------------------------------------------------
| Design Timing Summary
| ---------------------
------------------------------------------------------------------------------------------------

    WNS(ns)      TNS(ns)  TNS Failing Endpoints  TNS Total Endpoints      WHS(ns)      THS(ns)  THS Failing Endpoints  THS Total Endpoints     WPWS(ns)     TPWS(ns)  TPWS Failing Endpoints  TPWS Total Endpoints  
    -------      -------  ---------------------  -------------------      -------      -------  ---------------------  -------------------     --------     --------  ----------------------  --------------------  
      1.188        0.000                      0               263468        0.072        0.000                      0               263468        4.725        0.000                       0                256222  


All user specified timing constraints are met.


------------------------------------------------------------------------------------------------
| Clock Summary
| -------------
------------------------------------------------------------------------------------------------

Clock  Waveform(ns)       Period(ns)      Frequency(MHz)
-----  ------------       ----------      --------------
clk    {0.000 5.000}      10.000          100.000         


------------------------------------------------------------------------------------------------
| Intra Clock Table
| -----------------
------------------------------------------------------------------------------------------------

Clock             WNS(ns)      TNS(ns)  TNS Failing Endpoints  TNS Total Endpoints      WHS(ns)      THS(ns)  THS Failing Endpoints  THS Total Endpoints     WPWS(ns)     TPWS(ns)  TPWS Failing Endpoints  TPWS Total Endpoints  
-----             -------      -------  ---------------------  -------------------      -------      -------  ---------------------  -------------------     --------     --------  ----------------------  --------------------  
clk                 1.188        0.000                      0               263468        0.072        0.000                      0               263468        4.725        0.000                       0                256222  


------------------------------------------------------------------------------------------------
| Inter Clock Table
| -----------------
------------------------------------------------------------------------------------------------

From Clock    To Clock          WNS(ns)      TNS(ns)  TNS Failing Endpoints  TNS Total Endpoints      WHS(ns)      THS(ns)  THS Failing Endpoints  THS Total Endpoints  
----------    --------          -------      -------  ---------------------  -------------------      -------      -------  ---------------------  -------------------  


------------------------------------------------------------------------------------------------
| Other Path Groups Table
| -----------------------
------------------------------------------------------------------------------------------------

Path Group    From Clock    To Clock          WNS(ns)      TNS(ns)  TNS Failing Endpoints  TNS Total Endpoints      WHS(ns)      THS(ns)  THS Failing Endpoints  THS Total Endpoints  
----------    ----------    --------          -------      -------  ---------------------  -------------------      -------      -------  ---------------------  -------------------  


------------------------------------------------------------------------------------------------
| Timing Details
| --------------
------------------------------------------------------------------------------------------------


---------------------------------------------------------------------------------------------------
From Clock:  clk
  To Clock:  clk

Setup :            0  Failing Endpoints,  Worst Slack        1.188ns,  Total Violation        0.000ns
Hold  :            0  Failing Endpoints,  Worst Slack        0.072ns,  Total Violation        0.000ns
PW    :            0  Failing Endpoints,  Worst Slack        4.725ns,  Total Violation        0.000ns
---------------------------------------------------------------------------------------------------


Max Delay Paths
--------------------------------------------------------------------------------------
Slack (MET) :             1.188ns  (required time - arrival time)
  Source:                 u_dut/u_lane1/g_out[5].u_out/chunk_idx_reg[2]/C
                            (rising edge-triggered cell FDRE clocked by clk  {rise@0.000ns fall@5.000ns period=10.000ns})
  Destination:            u_dut/u_lane1/g_out[5].u_out/u_mac/acc_o_reg[47]/D
                            (rising edge-triggered cell FDRE clocked by clk  {rise@0.000ns fall@5.000ns period=10.000ns})
  Path Group:             clk
  Path Type:              Setup (Max at Slow Process Corner)
  Requirement:            10.000ns  (clk rise@10.000ns - clk rise@0.000ns)
  Data Path Delay:        8.795ns  (logic 7.114ns (80.887%)  route 1.681ns (19.113%))
  Logic Levels:           32  (CARRY8=6 DSP_A_B_DATA=1 DSP_ALU=8 DSP_M_DATA=1 DSP_MULTIPLIER=1 DSP_OUTPUT=8 DSP_PREADD_DATA=1 LUT2=3 LUT6=3)
  Clock Path Skew:        -0.007ns (DCD - SCD + CPR)
    Destination Clock Delay (DCD):    0.021ns = ( 10.021 - 10.000 ) 
    Source Clock Delay      (SCD):    0.028ns
    Clock Pessimism Removal (CPR):    0.000ns
  Clock Uncertainty:      0.035ns  ((TSJ^2 + TIJ^2)^1/2 + DJ) / 2 + PE
    Total System Jitter     (TSJ):    0.071ns
    Total Input Jitter      (TIJ):    0.000ns
    Discrete Jitter          (DJ):    0.000ns
    Phase Error              (PE):    0.000ns

    Location             Delay type                Incr(ns)  Path(ns)    Netlist Resource(s)
  -------------------------------------------------------------------    -------------------
                         (clock clk rise edge)        0.000     0.000 r  
                                                      0.000     0.000 r  clk (IN)
                         net (fo=256221, unset)       0.028     0.028    u_dut/u_lane1/g_out[5].u_out/clk
                         FDRE                                         r  u_dut/u_lane1/g_out[5].u_out/chunk_idx_reg[2]/C
  -------------------------------------------------------------------    -------------------
                         FDRE (Prop_FDRE_C_Q)         0.079     0.107 r  u_dut/u_lane1/g_out[5].u_out/chunk_idx_reg[2]/Q
                         net (fo=692, unplaced)       0.217     0.324    u_dut/u_lane1/g_out[5].u_out_n_106
                         LUT2 (Prop_LUT2_I0_O)        0.100     0.424 f  u_dut/u_lane1/g45_b3_i_1/O
                         net (fo=263, unplaced)       0.293     0.717    u_dut/u_lane1/g_out[5].u_out/calc_sum_return__1
                         LUT2 (Prop_LUT2_I1_O)        0.070     0.787 f  u_dut/u_lane1/g_out[5].u_out/g42_b2__0/O
                         net (fo=4, unplaced)         0.152     0.939    u_dut/u_lane1/g_out[5].u_out/g42_b2__0_n_0
                         LUT6 (Prop_LUT6_I1_O)        0.090     1.029 f  u_dut/u_lane1/g_out[5].u_out/g33_b7/O
                         net (fo=1, unplaced)         0.141     1.170    u_dut/u_lane1/g_out[5].u_out/u_mac/calc_sum_return1_23
                         LUT6 (Prop_LUT6_I0_O)        0.098     1.268 f  u_dut/u_lane1/g_out[5].u_out/u_mac/calc_sum_return1_i_21__17/O
                         net (fo=1, unplaced)         0.186     1.454    u_dut/u_lane1/g_out[5].u_out/u_mac/calc_sum_return1_i_21__17_n_0
                         LUT6 (Prop_LUT6_I0_O)        0.035     1.489 f  u_dut/u_lane1/g_out[5].u_out/u_mac/calc_sum_return1_i_1__18/O
                         net (fo=11, unplaced)        0.263     1.752    u_dut/u_lane1/g_out[5].u_out/u_mac/calc_sum_return1/B[16]
                         DSP_A_B_DATA (Prop_DSP_A_B_DATA_B[16]_B2_DATA[16])
                                                      0.151     1.903 r  u_dut/u_lane1/g_out[5].u_out/u_mac/calc_sum_return1/DSP_A_B_DATA_INST/B2_DATA[16]
                         net (fo=1, unplaced)         0.000     1.903    u_dut/u_lane1/g_out[5].u_out/u_mac/calc_sum_return1/DSP_A_B_DATA.B2_DATA<16>
                         DSP_PREADD_DATA (Prop_DSP_PREADD_DATA_B2_DATA[16]_B2B1[16])
                                                      0.073     1.976 r  u_dut/u_lane1/g_out[5].u_out/u_mac/calc_sum_return1/DSP_PREADD_DATA_INST/B2B1[16]
                         net (fo=1, unplaced)         0.000     1.976    u_dut/u_lane1/g_out[5].u_out/u_mac/calc_sum_return1/DSP_PREADD_DATA.B2B1<16>
                         DSP_MULTIPLIER (Prop_DSP_MULTIPLIER_B2B1[16]_V[43])
                                                      0.609     2.585 f  u_dut/u_lane1/g_out[5].u_out/u_mac/calc_sum_return1/DSP_MULTIPLIER_INST/V[43]
                         net (fo=1, unplaced)         0.000     2.585    u_dut/u_lane1/g_out[5].u_out/u_mac/calc_sum_return1/DSP_MULTIPLIER.V<43>
                         DSP_M_DATA (Prop_DSP_M_DATA_V[43]_V_DATA[43])
                                                      0.046     2.631 r  u_dut/u_lane1/g_out[5].u_out/u_mac/calc_sum_return1/DSP_M_DATA_INST/V_DATA[43]
                         net (fo=1, unplaced)         0.000     2.631    u_dut/u_lane1/g_out[5].u_out/u_mac/calc_sum_return1/DSP_M_DATA.V_DATA<43>
                         DSP_ALU (Prop_DSP_ALU_V_DATA[43]_ALU_OUT[47])
                                                      0.571     3.202 f  u_dut/u_lane1/g_out[5].u_out/u_mac/calc_sum_return1/DSP_ALU_INST/ALU_OUT[47]
                         net (fo=1, unplaced)         0.000     3.202    u_dut/u_lane1/g_out[5].u_out/u_mac/calc_sum_return1/DSP_ALU.ALU_OUT<47>
                         DSP_OUTPUT (Prop_DSP_OUTPUT_ALU_OUT[47]_PCOUT[47])
                                                      0.122     3.324 r  u_dut/u_lane1/g_out[5].u_out/u_mac/calc_sum_return1/DSP_OUTPUT_INST/PCOUT[47]
                         net (fo=1, unplaced)         0.014     3.338    u_dut/u_lane1/g_out[5].u_out/u_mac/calc_sum_return/PCIN[47]
                         DSP_ALU (Prop_DSP_ALU_PCIN[47]_ALU_OUT[47])
                                                      0.546     3.884 f  u_dut/u_lane1/g_out[5].u_out/u_mac/calc_sum_return/DSP_ALU_INST/ALU_OUT[47]
                         net (fo=1, unplaced)         0.000     3.884    u_dut/u_lane1/g_out[5].u_out/u_mac/calc_sum_return/DSP_ALU.ALU_OUT<47>
                         DSP_OUTPUT (Prop_DSP_OUTPUT_ALU_OUT[47]_PCOUT[47])
                                                      0.122     4.006 r  u_dut/u_lane1/g_out[5].u_out/u_mac/calc_sum_return/DSP_OUTPUT_INST/PCOUT[47]
                         net (fo=1, unplaced)         0.014     4.020    u_dut/u_lane1/g_out[5].u_out/u_mac/calc_sum_return__0/PCIN[47]
                         DSP_ALU (Prop_DSP_ALU_PCIN[47]_ALU_OUT[47])
                                                      0.546     4.566 f  u_dut/u_lane1/g_out[5].u_out/u_mac/calc_sum_return__0/DSP_ALU_INST/ALU_OUT[47]
                         net (fo=1, unplaced)         0.000     4.566    u_dut/u_lane1/g_out[5].u_out/u_mac/calc_sum_return__0/DSP_ALU.ALU_OUT<47>
                         DSP_OUTPUT (Prop_DSP_OUTPUT_ALU_OUT[47]_PCOUT[47])
                                                      0.122     4.688 r  u_dut/u_lane1/g_out[5].u_out/u_mac/calc_sum_return__0/DSP_OUTPUT_INST/PCOUT[47]
                         net (fo=1, unplaced)         0.014     4.702    u_dut/u_lane1/g_out[5].u_out/u_mac/calc_sum_return__1/PCIN[47]
                         DSP_ALU (Prop_DSP_ALU_PCIN[47]_ALU_OUT[47])
                                                      0.546     5.248 f  u_dut/u_lane1/g_out[5].u_out/u_mac/calc_sum_return__1/DSP_ALU_INST/ALU_OUT[47]
                         net (fo=1, unplaced)         0.000     5.248    u_dut/u_lane1/g_out[5].u_out/u_mac/calc_sum_return__1/DSP_ALU.ALU_OUT<47>
                         DSP_OUTPUT (Prop_DSP_OUTPUT_ALU_OUT[47]_PCOUT[47])
                                                      0.122     5.370 r  u_dut/u_lane1/g_out[5].u_out/u_mac/calc_sum_return__1/DSP_OUTPUT_INST/PCOUT[47]
                         net (fo=1, unplaced)         0.014     5.384    u_dut/u_lane1/g_out[5].u_out/u_mac/calc_sum_return__2/PCIN[47]
                         DSP_ALU (Prop_DSP_ALU_PCIN[47]_ALU_OUT[47])
                                                      0.546     5.930 f  u_dut/u_lane1/g_out[5].u_out/u_mac/calc_sum_return__2/DSP_ALU_INST/ALU_OUT[47]
                         net (fo=1, unplaced)         0.000     5.930    u_dut/u_lane1/g_out[5].u_out/u_mac/calc_sum_return__2/DSP_ALU.ALU_OUT<47>
                         DSP_OUTPUT (Prop_DSP_OUTPUT_ALU_OUT[47]_PCOUT[47])
                                                      0.122     6.052 r  u_dut/u_lane1/g_out[5].u_out/u_mac/calc_sum_return__2/DSP_OUTPUT_INST/PCOUT[47]
                         net (fo=1, unplaced)         0.014     6.066    u_dut/u_lane1/g_out[5].u_out/u_mac/calc_sum_return__3/PCIN[47]
                         DSP_ALU (Prop_DSP_ALU_PCIN[47]_ALU_OUT[47])
                                                      0.546     6.612 f  u_dut/u_lane1/g_out[5].u_out/u_mac/calc_sum_return__3/DSP_ALU_INST/ALU_OUT[47]
                         net (fo=1, unplaced)         0.000     6.612    u_dut/u_lane1/g_out[5].u_out/u_mac/calc_sum_return__3/DSP_ALU.ALU_OUT<47>
                         DSP_OUTPUT (Prop_DSP_OUTPUT_ALU_OUT[47]_PCOUT[47])
                                                      0.122     6.734 r  u_dut/u_lane1/g_out[5].u_out/u_mac/calc_sum_return__3/DSP_OUTPUT_INST/PCOUT[47]
                         net (fo=1, unplaced)         0.014     6.748    u_dut/u_lane1/g_out[5].u_out/u_mac/calc_sum_return__4/PCIN[47]
                         DSP_ALU (Prop_DSP_ALU_PCIN[47]_ALU_OUT[47])
                                                      0.546     7.294 f  u_dut/u_lane1/g_out[5].u_out/u_mac/calc_sum_return__4/DSP_ALU_INST/ALU_OUT[47]
                         net (fo=1, unplaced)         0.000     7.294    u_dut/u_lane1/g_out[5].u_out/u_mac/calc_sum_return__4/DSP_ALU.ALU_OUT<47>
                         DSP_OUTPUT (Prop_DSP_OUTPUT_ALU_OUT[47]_PCOUT[47])
                                                      0.122     7.416 r  u_dut/u_lane1/g_out[5].u_out/u_mac/calc_sum_return__4/DSP_OUTPUT_INST/PCOUT[47]
                         net (fo=1, unplaced)         0.014     7.430    u_dut/u_lane1/g_out[5].u_out/u_mac/calc_sum_return__5/PCIN[47]
                         DSP_ALU (Prop_DSP_ALU_PCIN[47]_ALU_OUT[5])
                                                      0.546     7.976 f  u_dut/u_lane1/g_out[5].u_out/u_mac/calc_sum_return__5/DSP_ALU_INST/ALU_OUT[5]
                         net (fo=1, unplaced)         0.000     7.976    u_dut/u_lane1/g_out[5].u_out/u_mac/calc_sum_return__5/DSP_ALU.ALU_OUT<5>
                         DSP_OUTPUT (Prop_DSP_OUTPUT_ALU_OUT[5]_P[5])
                                                      0.109     8.085 r  u_dut/u_lane1/g_out[5].u_out/u_mac/calc_sum_return__5/DSP_OUTPUT_INST/P[5]
                         net (fo=1, unplaced)         0.251     8.336    u_dut/u_lane1/g_out[5].u_out/u_mac/calc_sum_return__5_n_100
                         LUT2 (Prop_LUT2_I1_O)        0.037     8.373 r  u_dut/u_lane1/g_out[5].u_out/u_mac/acc_o[7]_i_4__20/O
                         net (fo=1, unplaced)         0.029     8.402    u_dut_n_1682
                         CARRY8 (Prop_CARRY8_S[5]_CO[7])
                                                      0.166     8.568 r  u_mac/acc_o_reg[7]_i_1__20/CO[7]
                         net (fo=1, unplaced)         0.005     8.573    u_mac/acc_o_reg[7]_i_1__20_n_0
                         CARRY8 (Prop_CARRY8_CI_CO[7])
                                                      0.022     8.595 r  u_mac/acc_o_reg[15]_i_1__20/CO[7]
                         net (fo=1, unplaced)         0.005     8.600    u_mac/acc_o_reg[15]_i_1__20_n_0
                         CARRY8 (Prop_CARRY8_CI_CO[7])
                                                      0.022     8.622 r  u_mac/acc_o_reg[23]_i_1__20/CO[7]
                         net (fo=1, unplaced)         0.005     8.627    u_mac/acc_o_reg[23]_i_1__20_n_0
                         CARRY8 (Prop_CARRY8_CI_CO[7])
                                                      0.022     8.649 r  u_mac/acc_o_reg[31]_i_1__20/CO[7]
                         net (fo=1, unplaced)         0.005     8.654    u_mac/acc_o_reg[31]_i_1__20_n_0
                         CARRY8 (Prop_CARRY8_CI_CO[7])
                                                      0.022     8.676 r  u_mac/acc_o_reg[39]_i_1__20/CO[7]
                         net (fo=1, unplaced)         0.005     8.681    u_dut/u_lane1/g_out[5].u_out/u_mac/acc_o_reg[47]_0[0]
                         CARRY8 (Prop_CARRY8_CI_O[7])
                                                      0.116     8.797 r  u_dut/u_lane1/g_out[5].u_out/u_mac/acc_o_reg[47]_i_1__20/O[7]
                         net (fo=1, unplaced)         0.026     8.823    u_dut/u_lane1/g_out[5].u_out/u_mac/calc_sum_return__6[47]
                         FDRE                                         r  u_dut/u_lane1/g_out[5].u_out/u_mac/acc_o_reg[47]/D
  -------------------------------------------------------------------    -------------------

                         (clock clk rise edge)       10.000    10.000 r  
                                                      0.000    10.000 r  clk (IN)
                         net (fo=256221, unset)       0.021    10.021    u_dut/u_lane1/g_out[5].u_out/u_mac/clk
                         FDRE                                         r  u_dut/u_lane1/g_out[5].u_out/u_mac/acc_o_reg[47]/C
                         clock pessimism              0.000    10.021    
                         clock uncertainty           -0.035     9.986    
                         FDRE (Setup_FDRE_C_D)        0.025    10.011    u_dut/u_lane1/g_out[5].u_out/u_mac/acc_o_reg[47]
  -------------------------------------------------------------------
                         required time                         10.011    
                         arrival time                          -8.823    
  -------------------------------------------------------------------
                         slack                                  1.188    





Min Delay Paths
--------------------------------------------------------------------------------------
Slack (MET) :             0.072ns  (arrival time - required time)
  Source:                 u_dut/u_lane0/g_out[0].u_out/acc_q_reg[9]/C
                            (rising edge-triggered cell FDRE clocked by clk  {rise@0.000ns fall@5.000ns period=10.000ns})
  Destination:            u_dut/u_lane0/g_out[0].u_out/u_mac/acc_o_reg[10]/D
                            (rising edge-triggered cell FDRE clocked by clk  {rise@0.000ns fall@5.000ns period=10.000ns})
  Path Group:             clk
  Path Type:              Hold (Min at Fast Process Corner)
  Requirement:            0.000ns  (clk rise@0.000ns - clk rise@0.000ns)
  Data Path Delay:        0.125ns  (logic 0.070ns (56.000%)  route 0.055ns (44.000%))
  Logic Levels:           1  (CARRY8=1)
  Clock Path Skew:        0.007ns (DCD - SCD - CPR)
    Destination Clock Delay (DCD):    0.019ns
    Source Clock Delay      (SCD):    0.012ns
    Clock Pessimism Removal (CPR):    -0.000ns

    Location             Delay type                Incr(ns)  Path(ns)    Netlist Resource(s)
  -------------------------------------------------------------------    -------------------
                         (clock clk rise edge)        0.000     0.000 r  
                                                      0.000     0.000 r  clk (IN)
                         net (fo=256221, unset)       0.012     0.012    u_dut/u_lane0/g_out[0].u_out/clk
                         FDRE                                         r  u_dut/u_lane0/g_out[0].u_out/acc_q_reg[9]/C
  -------------------------------------------------------------------    -------------------
                         FDRE (Prop_FDRE_C_Q)         0.039     0.051 r  u_dut/u_lane0/g_out[0].u_out/acc_q_reg[9]/Q
                         net (fo=3, unplaced)         0.048     0.099    u_dut_n_38
                         CARRY8 (Prop_CARRY8_DI[1]_O[2])
                                                      0.031     0.130 r  u_mac/acc_o_reg[15]_i_1/O[2]
                         net (fo=1, unplaced)         0.007     0.137    u_dut/u_lane0/g_out[0].u_out/u_mac/acc_o_reg[39]_0[10]
                         FDRE                                         r  u_dut/u_lane0/g_out[0].u_out/u_mac/acc_o_reg[10]/D
  -------------------------------------------------------------------    -------------------

                         (clock clk rise edge)        0.000     0.000 r  
                                                      0.000     0.000 r  clk (IN)
                         net (fo=256221, unset)       0.019     0.019    u_dut/u_lane0/g_out[0].u_out/u_mac/clk
                         FDRE                                         r  u_dut/u_lane0/g_out[0].u_out/u_mac/acc_o_reg[10]/C
                         clock pessimism              0.000     0.019    
                         FDRE (Hold_FDRE_C_D)         0.046     0.065    u_dut/u_lane0/g_out[0].u_out/u_mac/acc_o_reg[10]
  -------------------------------------------------------------------
                         required time                         -0.065    
                         arrival time                           0.137    
  -------------------------------------------------------------------
                         slack                                  0.072    





Pulse Width Checks
--------------------------------------------------------------------------------------
Clock Name:         clk
Waveform(ns):       { 0.000 5.000 }
Period(ns):         10.000
Sources:            { clk }

Check Type        Corner  Lib Pin  Reference Pin  Required(ns)  Actual(ns)  Slack(ns)  Location  Pin
Min Period        n/a     FDSE/C   n/a            0.550         10.000      9.450                u_dut/u_lane0/g_out[0].u_out/FSM_onehot_state_reg[0]/C
Low Pulse Width   Slow    FDSE/C   n/a            0.275         5.000       4.725                u_dut/u_lane0/g_out[0].u_out/FSM_onehot_state_reg[0]/C
High Pulse Width  Slow    FDSE/C   n/a            0.275         5.000       4.725                u_dut/u_lane0/g_out[0].u_out/FSM_onehot_state_reg[0]/C



