Copyright 1986-2022 Xilinx, Inc. All Rights Reserved. Copyright 2022-2025 Advanced Micro Devices, Inc. All Rights Reserved.
-----------------------------------------------------------------------------------------------------------------------------------------------------------
| Tool Version : Vivado v.2025.2 (win64) Build 6299465 Fri Nov 14 19:35:11 GMT 2025
| Date         : Sun Jun 28 00:06:15 2026
| Host         : robot running 64-bit major release  (build 9200)
| Command      : report_utilization -file G:/UESTC/feitengspan1/W8A12_3lane/evidence/resource/A4_3lane_mac_scheduler_ooc/utilization_ooc.rpt -hierarchical
| Design       : w8a12_3lane_mac_scheduler_ooc_top
| Device       : xczu19eg-ffvc1760-2-i
| Speed File   : -2
| Design State : Synthesized
-----------------------------------------------------------------------------------------------------------------------------------------------------------

Utilization Design Information

Table of Contents
-----------------
1. Utilization by Hierarchy

1. Utilization by Hierarchy
---------------------------

+---------------------------------------+-------------------------------------------------+------------+------------+---------+------+--------+--------+--------+------+------------+
|                Instance               |                      Module                     | Total LUTs | Logic LUTs | LUTRAMs | SRLs |   FFs  | RAMB36 | RAMB18 | URAM | DSP Blocks |
+---------------------------------------+-------------------------------------------------+------------+------------+---------+------+--------+--------+--------+------+------------+
| w8a12_3lane_mac_scheduler_ooc_top     |                                           (top) |     123182 |     123182 |       0 |    0 | 256222 |      0 |      0 |    0 |        672 |
|   (w8a12_3lane_mac_scheduler_ooc_top) |                                           (top) |          0 |          0 |       0 |    0 |      0 |      0 |      0 |    0 |          0 |
|   u_dut                               |                       w8a12_3lane_mac_scheduler |     123182 |     123182 |       0 |    0 | 256222 |      0 |      0 |    0 |        672 |
|     u_lane0                           |                 w8a12_single_lane_mac_scheduler |      40977 |      40977 |       0 |    0 |  85387 |      0 |      0 |    0 |        224 |
|       (u_lane0)                       |                 w8a12_single_lane_mac_scheduler |        361 |        361 |       0 |    0 |      0 |      0 |      0 |    0 |          0 |
|       g_out[0].u_out                  |                  w8a12_single_out_mac_scheduler |       2405 |       2405 |       0 |    0 |   5358 |      0 |      0 |    0 |         14 |
|         (g_out[0].u_out)              |                  w8a12_single_out_mac_scheduler |        266 |        266 |       0 |    0 |   5309 |      0 |      0 |    0 |          0 |
|         u_mac                         |                          w8a12_lane_mac_core_92 |       1756 |       1756 |       0 |    0 |     49 |      0 |      0 |    0 |          8 |
|         u_requant                     |                           span_w8a12_requant_93 |        383 |        383 |       0 |    0 |      0 |      0 |      0 |    0 |          6 |
|       g_out[10].u_out                 |  w8a12_single_out_mac_scheduler__parameterized9 |       2499 |       2499 |       0 |    0 |   5337 |      0 |      0 |    0 |         14 |
|         (g_out[10].u_out)             |  w8a12_single_out_mac_scheduler__parameterized9 |        220 |        220 |       0 |    0 |   5288 |      0 |      0 |    0 |          0 |
|         u_mac                         |                          w8a12_lane_mac_core_90 |       1900 |       1900 |       0 |    0 |     49 |      0 |      0 |    0 |          8 |
|         u_requant                     |                           span_w8a12_requant_91 |        379 |        379 |       0 |    0 |      0 |      0 |      0 |    0 |          6 |
|       g_out[11].u_out                 | w8a12_single_out_mac_scheduler__parameterized10 |       2544 |       2544 |       0 |    0 |   5336 |      0 |      0 |    0 |         14 |
|         (g_out[11].u_out)             | w8a12_single_out_mac_scheduler__parameterized10 |        199 |        199 |       0 |    0 |   5287 |      0 |      0 |    0 |          0 |
|         u_mac                         |                          w8a12_lane_mac_core_88 |       1962 |       1962 |       0 |    0 |     49 |      0 |      0 |    0 |          8 |
|         u_requant                     |                           span_w8a12_requant_89 |        383 |        383 |       0 |    0 |      0 |      0 |      0 |    0 |          6 |
|       g_out[12].u_out                 | w8a12_single_out_mac_scheduler__parameterized11 |       2629 |       2629 |       0 |    0 |   5351 |      0 |      0 |    0 |         14 |
|         (g_out[12].u_out)             | w8a12_single_out_mac_scheduler__parameterized11 |        504 |        504 |       0 |    0 |   5302 |      0 |      0 |    0 |          0 |
|         u_mac                         |                          w8a12_lane_mac_core_86 |       1769 |       1769 |       0 |    0 |     49 |      0 |      0 |    0 |          8 |
|         u_requant                     |                           span_w8a12_requant_87 |        356 |        356 |       0 |    0 |      0 |      0 |      0 |    0 |          6 |
|       g_out[13].u_out                 | w8a12_single_out_mac_scheduler__parameterized12 |       2474 |       2474 |       0 |    0 |   5330 |      0 |      0 |    0 |         14 |
|         (g_out[13].u_out)             | w8a12_single_out_mac_scheduler__parameterized12 |        214 |        214 |       0 |    0 |   5281 |      0 |      0 |    0 |          0 |
|         u_mac                         |                          w8a12_lane_mac_core_84 |       1903 |       1903 |       0 |    0 |     49 |      0 |      0 |    0 |          8 |
|         u_requant                     |                           span_w8a12_requant_85 |        357 |        357 |       0 |    0 |      0 |      0 |      0 |    0 |          6 |
|       g_out[14].u_out                 | w8a12_single_out_mac_scheduler__parameterized13 |       2590 |       2590 |       0 |    0 |   5340 |      0 |      0 |    0 |         14 |
|         (g_out[14].u_out)             | w8a12_single_out_mac_scheduler__parameterized13 |        196 |        196 |       0 |    0 |   5291 |      0 |      0 |    0 |          0 |
|         u_mac                         |                          w8a12_lane_mac_core_82 |       2017 |       2017 |       0 |    0 |     49 |      0 |      0 |    0 |          8 |
|         u_requant                     |                           span_w8a12_requant_83 |        377 |        377 |       0 |    0 |      0 |      0 |      0 |    0 |          6 |
|       g_out[15].u_out                 | w8a12_single_out_mac_scheduler__parameterized14 |       2361 |       2361 |       0 |    0 |   5330 |      0 |      0 |    0 |         14 |
|         (g_out[15].u_out)             | w8a12_single_out_mac_scheduler__parameterized14 |        150 |        150 |       0 |    0 |   5281 |      0 |      0 |    0 |          0 |
|         u_mac                         |                          w8a12_lane_mac_core_80 |       1855 |       1855 |       0 |    0 |     49 |      0 |      0 |    0 |          8 |
|         u_requant                     |                           span_w8a12_requant_81 |        356 |        356 |       0 |    0 |      0 |      0 |      0 |    0 |          6 |
|       g_out[1].u_out                  |  w8a12_single_out_mac_scheduler__parameterized0 |       2460 |       2460 |       0 |    0 |   5329 |      0 |      0 |    0 |         14 |
|         (g_out[1].u_out)              |  w8a12_single_out_mac_scheduler__parameterized0 |        213 |        213 |       0 |    0 |   5280 |      0 |      0 |    0 |          0 |
|         u_mac                         |                          w8a12_lane_mac_core_78 |       1898 |       1898 |       0 |    0 |     49 |      0 |      0 |    0 |          8 |
|         u_requant                     |                           span_w8a12_requant_79 |        349 |        349 |       0 |    0 |      0 |      0 |      0 |    0 |          6 |
|       g_out[2].u_out                  |  w8a12_single_out_mac_scheduler__parameterized1 |       2797 |       2797 |       0 |    0 |   5352 |      0 |      0 |    0 |         14 |
|         (g_out[2].u_out)              |  w8a12_single_out_mac_scheduler__parameterized1 |        464 |        464 |       0 |    0 |   5303 |      0 |      0 |    0 |          0 |
|         u_mac                         |                          w8a12_lane_mac_core_76 |       1957 |       1957 |       0 |    0 |     49 |      0 |      0 |    0 |          8 |
|         u_requant                     |                           span_w8a12_requant_77 |        376 |        376 |       0 |    0 |      0 |      0 |      0 |    0 |          6 |
|       g_out[3].u_out                  |  w8a12_single_out_mac_scheduler__parameterized2 |       2448 |       2448 |       0 |    0 |   5331 |      0 |      0 |    0 |         14 |
|         (g_out[3].u_out)              |  w8a12_single_out_mac_scheduler__parameterized2 |        183 |        183 |       0 |    0 |   5282 |      0 |      0 |    0 |          0 |
|         u_mac                         |                          w8a12_lane_mac_core_74 |       1910 |       1910 |       0 |    0 |     49 |      0 |      0 |    0 |          8 |
|         u_requant                     |                           span_w8a12_requant_75 |        355 |        355 |       0 |    0 |      0 |      0 |      0 |    0 |          6 |
|       g_out[4].u_out                  |  w8a12_single_out_mac_scheduler__parameterized3 |       2361 |       2361 |       0 |    0 |   5320 |      0 |      0 |    0 |         14 |
|         (g_out[4].u_out)              |  w8a12_single_out_mac_scheduler__parameterized3 |        328 |        328 |       0 |    0 |   5271 |      0 |      0 |    0 |          0 |
|         u_mac                         |                          w8a12_lane_mac_core_72 |       1648 |       1648 |       0 |    0 |     49 |      0 |      0 |    0 |          8 |
|         u_requant                     |                           span_w8a12_requant_73 |        385 |        385 |       0 |    0 |      0 |      0 |      0 |    0 |          6 |
|       g_out[5].u_out                  |  w8a12_single_out_mac_scheduler__parameterized4 |       2503 |       2503 |       0 |    0 |   5330 |      0 |      0 |    0 |         14 |
|         (g_out[5].u_out)              |  w8a12_single_out_mac_scheduler__parameterized4 |        227 |        227 |       0 |    0 |   5281 |      0 |      0 |    0 |          0 |
|         u_mac                         |                          w8a12_lane_mac_core_70 |       1897 |       1897 |       0 |    0 |     49 |      0 |      0 |    0 |          8 |
|         u_requant                     |                           span_w8a12_requant_71 |        379 |        379 |       0 |    0 |      0 |      0 |      0 |    0 |          6 |
|       g_out[6].u_out                  |  w8a12_single_out_mac_scheduler__parameterized5 |       2802 |       2802 |       0 |    0 |   5346 |      0 |      0 |    0 |         14 |
|         (g_out[6].u_out)              |  w8a12_single_out_mac_scheduler__parameterized5 |        431 |        431 |       0 |    0 |   5297 |      0 |      0 |    0 |          0 |
|         u_mac                         |                          w8a12_lane_mac_core_68 |       1984 |       1984 |       0 |    0 |     49 |      0 |      0 |    0 |          8 |
|         u_requant                     |                           span_w8a12_requant_69 |        387 |        387 |       0 |    0 |      0 |      0 |      0 |    0 |          6 |
|       g_out[7].u_out                  |  w8a12_single_out_mac_scheduler__parameterized6 |       2514 |       2514 |       0 |    0 |   5332 |      0 |      0 |    0 |         14 |
|         (g_out[7].u_out)              |  w8a12_single_out_mac_scheduler__parameterized6 |        181 |        181 |       0 |    0 |   5283 |      0 |      0 |    0 |          0 |
|         u_mac                         |                          w8a12_lane_mac_core_66 |       1984 |       1984 |       0 |    0 |     49 |      0 |      0 |    0 |          8 |
|         u_requant                     |                           span_w8a12_requant_67 |        349 |        349 |       0 |    0 |      0 |      0 |      0 |    0 |          6 |
|       g_out[8].u_out                  |  w8a12_single_out_mac_scheduler__parameterized7 |       2683 |       2683 |       0 |    0 |   5335 |      0 |      0 |    0 |         14 |
|         (g_out[8].u_out)              |  w8a12_single_out_mac_scheduler__parameterized7 |        402 |        402 |       0 |    0 |   5286 |      0 |      0 |    0 |          0 |
|         u_mac                         |                          w8a12_lane_mac_core_64 |       1899 |       1899 |       0 |    0 |     49 |      0 |      0 |    0 |          8 |
|         u_requant                     |                           span_w8a12_requant_65 |        382 |        382 |       0 |    0 |      0 |      0 |      0 |    0 |          6 |
|       g_out[9].u_out                  |  w8a12_single_out_mac_scheduler__parameterized8 |       2546 |       2546 |       0 |    0 |   5330 |      0 |      0 |    0 |         14 |
|         (g_out[9].u_out)              |  w8a12_single_out_mac_scheduler__parameterized8 |        177 |        177 |       0 |    0 |   5281 |      0 |      0 |    0 |          0 |
|         u_mac                         |                          w8a12_lane_mac_core_62 |       2012 |       2012 |       0 |    0 |     49 |      0 |      0 |    0 |          8 |
|         u_requant                     |                           span_w8a12_requant_63 |        357 |        357 |       0 |    0 |      0 |      0 |      0 |    0 |          6 |
|     u_lane1                           | w8a12_single_lane_mac_scheduler__parameterized0 |      41325 |      41325 |       0 |    0 |  85453 |      0 |      0 |    0 |        224 |
|       (u_lane1)                       | w8a12_single_lane_mac_scheduler__parameterized0 |        386 |        386 |       0 |    0 |      0 |      0 |      0 |    0 |          0 |
|       g_out[0].u_out                  | w8a12_single_out_mac_scheduler__parameterized15 |       2388 |       2388 |       0 |    0 |   5357 |      0 |      0 |    0 |         14 |
|         (g_out[0].u_out)              | w8a12_single_out_mac_scheduler__parameterized15 |        267 |        267 |       0 |    0 |   5308 |      0 |      0 |    0 |          0 |
|         u_mac                         |                          w8a12_lane_mac_core_60 |       1765 |       1765 |       0 |    0 |     49 |      0 |      0 |    0 |          8 |
|         u_requant                     |                           span_w8a12_requant_61 |        356 |        356 |       0 |    0 |      0 |      0 |      0 |    0 |          6 |
|       g_out[10].u_out                 | w8a12_single_out_mac_scheduler__parameterized25 |       2518 |       2518 |       0 |    0 |   5339 |      0 |      0 |    0 |         14 |
|         (g_out[10].u_out)             | w8a12_single_out_mac_scheduler__parameterized25 |        250 |        250 |       0 |    0 |   5290 |      0 |      0 |    0 |          0 |
|         u_mac                         |                          w8a12_lane_mac_core_58 |       1894 |       1894 |       0 |    0 |     49 |      0 |      0 |    0 |          8 |
|         u_requant                     |                           span_w8a12_requant_59 |        374 |        374 |       0 |    0 |      0 |      0 |      0 |    0 |          6 |
|       g_out[11].u_out                 | w8a12_single_out_mac_scheduler__parameterized26 |       2530 |       2530 |       0 |    0 |   5337 |      0 |      0 |    0 |         14 |
|         (g_out[11].u_out)             | w8a12_single_out_mac_scheduler__parameterized26 |        195 |        195 |       0 |    0 |   5288 |      0 |      0 |    0 |          0 |
|         u_mac                         |                          w8a12_lane_mac_core_56 |       1977 |       1977 |       0 |    0 |     49 |      0 |      0 |    0 |          8 |
|         u_requant                     |                           span_w8a12_requant_57 |        358 |        358 |       0 |    0 |      0 |      0 |      0 |    0 |          6 |
|       g_out[12].u_out                 | w8a12_single_out_mac_scheduler__parameterized27 |       2632 |       2632 |       0 |    0 |   5353 |      0 |      0 |    0 |         14 |
|         (g_out[12].u_out)             | w8a12_single_out_mac_scheduler__parameterized27 |        520 |        520 |       0 |    0 |   5304 |      0 |      0 |    0 |          0 |
|         u_mac                         |                          w8a12_lane_mac_core_54 |       1756 |       1756 |       0 |    0 |     49 |      0 |      0 |    0 |          8 |
|         u_requant                     |                           span_w8a12_requant_55 |        356 |        356 |       0 |    0 |      0 |      0 |      0 |    0 |          6 |
|       g_out[13].u_out                 | w8a12_single_out_mac_scheduler__parameterized28 |       2449 |       2449 |       0 |    0 |   5330 |      0 |      0 |    0 |         14 |
|         (g_out[13].u_out)             | w8a12_single_out_mac_scheduler__parameterized28 |        201 |        201 |       0 |    0 |   5281 |      0 |      0 |    0 |          0 |
|         u_mac                         |                          w8a12_lane_mac_core_52 |       1900 |       1900 |       0 |    0 |     49 |      0 |      0 |    0 |          8 |
|         u_requant                     |                           span_w8a12_requant_53 |        348 |        348 |       0 |    0 |      0 |      0 |      0 |    0 |          6 |
|       g_out[14].u_out                 | w8a12_single_out_mac_scheduler__parameterized29 |       2836 |       2836 |       0 |    0 |   5353 |      0 |      0 |    0 |         14 |
|         (g_out[14].u_out)             | w8a12_single_out_mac_scheduler__parameterized29 |        482 |        482 |       0 |    0 |   5304 |      0 |      0 |    0 |          0 |
|         u_mac                         |                          w8a12_lane_mac_core_50 |       1977 |       1977 |       0 |    0 |     49 |      0 |      0 |    0 |          8 |
|         u_requant                     |                           span_w8a12_requant_51 |        377 |        377 |       0 |    0 |      0 |      0 |      0 |    0 |          6 |
|       g_out[15].u_out                 | w8a12_single_out_mac_scheduler__parameterized30 |       2359 |       2359 |       0 |    0 |   5329 |      0 |      0 |    0 |         14 |
|         (g_out[15].u_out)             | w8a12_single_out_mac_scheduler__parameterized30 |        145 |        145 |       0 |    0 |   5280 |      0 |      0 |    0 |          0 |
|         u_mac                         |                          w8a12_lane_mac_core_48 |       1859 |       1859 |       0 |    0 |     49 |      0 |      0 |    0 |          8 |
|         u_requant                     |                           span_w8a12_requant_49 |        355 |        355 |       0 |    0 |      0 |      0 |      0 |    0 |          6 |
|       g_out[1].u_out                  | w8a12_single_out_mac_scheduler__parameterized16 |       2479 |       2479 |       0 |    0 |   5331 |      0 |      0 |    0 |         14 |
|         (g_out[1].u_out)              | w8a12_single_out_mac_scheduler__parameterized16 |        224 |        224 |       0 |    0 |   5282 |      0 |      0 |    0 |          0 |
|         u_mac                         |                          w8a12_lane_mac_core_46 |       1901 |       1901 |       0 |    0 |     49 |      0 |      0 |    0 |          8 |
|         u_requant                     |                           span_w8a12_requant_47 |        354 |        354 |       0 |    0 |      0 |      0 |      0 |    0 |          6 |
|       g_out[2].u_out                  | w8a12_single_out_mac_scheduler__parameterized17 |       2751 |       2751 |       0 |    0 |   5345 |      0 |      0 |    0 |         14 |
|         (g_out[2].u_out)              | w8a12_single_out_mac_scheduler__parameterized17 |        438 |        438 |       0 |    0 |   5296 |      0 |      0 |    0 |          0 |
|         u_mac                         |                          w8a12_lane_mac_core_44 |       1962 |       1962 |       0 |    0 |     49 |      0 |      0 |    0 |          8 |
|         u_requant                     |                           span_w8a12_requant_45 |        351 |        351 |       0 |    0 |      0 |      0 |      0 |    0 |          6 |
|       g_out[3].u_out                  | w8a12_single_out_mac_scheduler__parameterized18 |       2472 |       2472 |       0 |    0 |   5334 |      0 |      0 |    0 |         14 |
|         (g_out[3].u_out)              | w8a12_single_out_mac_scheduler__parameterized18 |        211 |        211 |       0 |    0 |   5285 |      0 |      0 |    0 |          0 |
|         u_mac                         |                          w8a12_lane_mac_core_42 |       1906 |       1906 |       0 |    0 |     49 |      0 |      0 |    0 |          8 |
|         u_requant                     |                           span_w8a12_requant_43 |        355 |        355 |       0 |    0 |      0 |      0 |      0 |    0 |          6 |
|       g_out[4].u_out                  | w8a12_single_out_mac_scheduler__parameterized19 |       2414 |       2414 |       0 |    0 |   5350 |      0 |      0 |    0 |         14 |
|         (g_out[4].u_out)              | w8a12_single_out_mac_scheduler__parameterized19 |        389 |        389 |       0 |    0 |   5301 |      0 |      0 |    0 |          0 |
|         u_mac                         |                          w8a12_lane_mac_core_40 |       1645 |       1645 |       0 |    0 |     49 |      0 |      0 |    0 |          8 |
|         u_requant                     |                           span_w8a12_requant_41 |        380 |        380 |       0 |    0 |      0 |      0 |      0 |    0 |          6 |
|       g_out[5].u_out                  | w8a12_single_out_mac_scheduler__parameterized20 |       2497 |       2497 |       0 |    0 |   5330 |      0 |      0 |    0 |         14 |
|         (g_out[5].u_out)              | w8a12_single_out_mac_scheduler__parameterized20 |        247 |        247 |       0 |    0 |   5281 |      0 |      0 |    0 |          0 |
|         u_mac                         |                          w8a12_lane_mac_core_38 |       1895 |       1895 |       0 |    0 |     49 |      0 |      0 |    0 |          8 |
|         u_requant                     |                           span_w8a12_requant_39 |        355 |        355 |       0 |    0 |      0 |      0 |      0 |    0 |          6 |
|       g_out[6].u_out                  | w8a12_single_out_mac_scheduler__parameterized21 |       2756 |       2756 |       0 |    0 |   5345 |      0 |      0 |    0 |         14 |
|         (g_out[6].u_out)              | w8a12_single_out_mac_scheduler__parameterized21 |        449 |        449 |       0 |    0 |   5296 |      0 |      0 |    0 |          0 |
|         u_mac                         |                          w8a12_lane_mac_core_36 |       1957 |       1957 |       0 |    0 |     49 |      0 |      0 |    0 |          8 |
|         u_requant                     |                           span_w8a12_requant_37 |        350 |        350 |       0 |    0 |      0 |      0 |      0 |    0 |          6 |
|       g_out[7].u_out                  | w8a12_single_out_mac_scheduler__parameterized22 |       2535 |       2535 |       0 |    0 |   5332 |      0 |      0 |    0 |         14 |
|         (g_out[7].u_out)              | w8a12_single_out_mac_scheduler__parameterized22 |        196 |        196 |       0 |    0 |   5283 |      0 |      0 |    0 |          0 |
|         u_mac                         |                          w8a12_lane_mac_core_34 |       1958 |       1958 |       0 |    0 |     49 |      0 |      0 |    0 |          8 |
|         u_requant                     |                           span_w8a12_requant_35 |        381 |        381 |       0 |    0 |      0 |      0 |      0 |    0 |          6 |
|       g_out[8].u_out                  | w8a12_single_out_mac_scheduler__parameterized23 |       2788 |       2788 |       0 |    0 |   5357 |      0 |      0 |    0 |         14 |
|         (g_out[8].u_out)              | w8a12_single_out_mac_scheduler__parameterized23 |        487 |        487 |       0 |    0 |   5308 |      0 |      0 |    0 |          0 |
|         u_mac                         |                          w8a12_lane_mac_core_32 |       1946 |       1946 |       0 |    0 |     49 |      0 |      0 |    0 |          8 |
|         u_requant                     |                           span_w8a12_requant_33 |        355 |        355 |       0 |    0 |      0 |      0 |      0 |    0 |          6 |
|       g_out[9].u_out                  | w8a12_single_out_mac_scheduler__parameterized24 |       2535 |       2535 |       0 |    0 |   5331 |      0 |      0 |    0 |         14 |
|         (g_out[9].u_out)              | w8a12_single_out_mac_scheduler__parameterized24 |        188 |        188 |       0 |    0 |   5282 |      0 |      0 |    0 |          0 |
|         u_mac                         |                          w8a12_lane_mac_core_30 |       1994 |       1994 |       0 |    0 |     49 |      0 |      0 |    0 |          8 |
|         u_requant                     |                           span_w8a12_requant_31 |        353 |        353 |       0 |    0 |      0 |      0 |      0 |    0 |          6 |
|     u_lane2                           | w8a12_single_lane_mac_scheduler__parameterized1 |      40880 |      40880 |       0 |    0 |  85382 |      0 |      0 |    0 |        224 |
|       (u_lane2)                       | w8a12_single_lane_mac_scheduler__parameterized1 |        358 |        358 |       0 |    0 |      0 |      0 |      0 |    0 |          0 |
|       g_out[0].u_out                  | w8a12_single_out_mac_scheduler__parameterized31 |       2381 |       2381 |       0 |    0 |   5357 |      0 |      0 |    0 |         14 |
|         (g_out[0].u_out)              | w8a12_single_out_mac_scheduler__parameterized31 |        238 |        238 |       0 |    0 |   5308 |      0 |      0 |    0 |          0 |
|         u_mac                         |                          w8a12_lane_mac_core_28 |       1764 |       1764 |       0 |    0 |     49 |      0 |      0 |    0 |          8 |
|         u_requant                     |                           span_w8a12_requant_29 |        379 |        379 |       0 |    0 |      0 |      0 |      0 |    0 |          6 |
|       g_out[10].u_out                 | w8a12_single_out_mac_scheduler__parameterized41 |       2481 |       2481 |       0 |    0 |   5337 |      0 |      0 |    0 |         14 |
|         (g_out[10].u_out)             | w8a12_single_out_mac_scheduler__parameterized41 |        201 |        201 |       0 |    0 |   5288 |      0 |      0 |    0 |          0 |
|         u_mac                         |                          w8a12_lane_mac_core_26 |       1901 |       1901 |       0 |    0 |     49 |      0 |      0 |    0 |          8 |
|         u_requant                     |                           span_w8a12_requant_27 |        379 |        379 |       0 |    0 |      0 |      0 |      0 |    0 |          6 |
|       g_out[11].u_out                 | w8a12_single_out_mac_scheduler__parameterized42 |       2493 |       2493 |       0 |    0 |   5332 |      0 |      0 |    0 |         14 |
|         (g_out[11].u_out)             | w8a12_single_out_mac_scheduler__parameterized42 |        179 |        179 |       0 |    0 |   5283 |      0 |      0 |    0 |          0 |
|         u_mac                         |                          w8a12_lane_mac_core_24 |       1957 |       1957 |       0 |    0 |     49 |      0 |      0 |    0 |          8 |
|         u_requant                     |                           span_w8a12_requant_25 |        357 |        357 |       0 |    0 |      0 |      0 |      0 |    0 |          6 |
|       g_out[12].u_out                 | w8a12_single_out_mac_scheduler__parameterized43 |       2622 |       2622 |       0 |    0 |   5352 |      0 |      0 |    0 |         14 |
|         (g_out[12].u_out)             | w8a12_single_out_mac_scheduler__parameterized43 |        485 |        485 |       0 |    0 |   5303 |      0 |      0 |    0 |          0 |
|         u_mac                         |                          w8a12_lane_mac_core_22 |       1761 |       1761 |       0 |    0 |     49 |      0 |      0 |    0 |          8 |
|         u_requant                     |                           span_w8a12_requant_23 |        376 |        376 |       0 |    0 |      0 |      0 |      0 |    0 |          6 |
|       g_out[13].u_out                 | w8a12_single_out_mac_scheduler__parameterized44 |       2470 |       2470 |       0 |    0 |   5330 |      0 |      0 |    0 |         14 |
|         (g_out[13].u_out)             | w8a12_single_out_mac_scheduler__parameterized44 |        213 |        213 |       0 |    0 |   5281 |      0 |      0 |    0 |          0 |
|         u_mac                         |                          w8a12_lane_mac_core_20 |       1901 |       1901 |       0 |    0 |     49 |      0 |      0 |    0 |          8 |
|         u_requant                     |                           span_w8a12_requant_21 |        356 |        356 |       0 |    0 |      0 |      0 |      0 |    0 |          6 |
|       g_out[14].u_out                 | w8a12_single_out_mac_scheduler__parameterized45 |       2596 |       2596 |       0 |    0 |   5341 |      0 |      0 |    0 |         14 |
|         (g_out[14].u_out)             | w8a12_single_out_mac_scheduler__parameterized45 |        219 |        219 |       0 |    0 |   5292 |      0 |      0 |    0 |          0 |
|         u_mac                         |                          w8a12_lane_mac_core_18 |       1998 |       1998 |       0 |    0 |     49 |      0 |      0 |    0 |          8 |
|         u_requant                     |                           span_w8a12_requant_19 |        379 |        379 |       0 |    0 |      0 |      0 |      0 |    0 |          6 |
|       g_out[15].u_out                 | w8a12_single_out_mac_scheduler__parameterized46 |       2362 |       2362 |       0 |    0 |   5329 |      0 |      0 |    0 |         14 |
|         (g_out[15].u_out)             | w8a12_single_out_mac_scheduler__parameterized46 |        150 |        150 |       0 |    0 |   5280 |      0 |      0 |    0 |          0 |
|         u_mac                         |                          w8a12_lane_mac_core_16 |       1856 |       1856 |       0 |    0 |     49 |      0 |      0 |    0 |          8 |
|         u_requant                     |                           span_w8a12_requant_17 |        356 |        356 |       0 |    0 |      0 |      0 |      0 |    0 |          6 |
|       g_out[1].u_out                  | w8a12_single_out_mac_scheduler__parameterized32 |       2475 |       2475 |       0 |    0 |   5330 |      0 |      0 |    0 |         14 |
|         (g_out[1].u_out)              | w8a12_single_out_mac_scheduler__parameterized32 |        217 |        217 |       0 |    0 |   5281 |      0 |      0 |    0 |          0 |
|         u_mac                         |                          w8a12_lane_mac_core_14 |       1904 |       1904 |       0 |    0 |     49 |      0 |      0 |    0 |          8 |
|         u_requant                     |                           span_w8a12_requant_15 |        354 |        354 |       0 |    0 |      0 |      0 |      0 |    0 |          6 |
|       g_out[2].u_out                  | w8a12_single_out_mac_scheduler__parameterized33 |       2744 |       2744 |       0 |    0 |   5323 |      0 |      0 |    0 |         14 |
|         (g_out[2].u_out)              | w8a12_single_out_mac_scheduler__parameterized33 |        419 |        419 |       0 |    0 |   5274 |      0 |      0 |    0 |          0 |
|         u_mac                         |                          w8a12_lane_mac_core_12 |       1978 |       1978 |       0 |    0 |     49 |      0 |      0 |    0 |          8 |
|         u_requant                     |                           span_w8a12_requant_13 |        347 |        347 |       0 |    0 |      0 |      0 |      0 |    0 |          6 |
|       g_out[3].u_out                  | w8a12_single_out_mac_scheduler__parameterized34 |       2481 |       2481 |       0 |    0 |   5336 |      0 |      0 |    0 |         14 |
|         (g_out[3].u_out)              | w8a12_single_out_mac_scheduler__parameterized34 |        228 |        228 |       0 |    0 |   5287 |      0 |      0 |    0 |          0 |
|         u_mac                         |                          w8a12_lane_mac_core_10 |       1906 |       1906 |       0 |    0 |     49 |      0 |      0 |    0 |          8 |
|         u_requant                     |                           span_w8a12_requant_11 |        347 |        347 |       0 |    0 |      0 |      0 |      0 |    0 |          6 |
|       g_out[4].u_out                  | w8a12_single_out_mac_scheduler__parameterized35 |       2361 |       2361 |       0 |    0 |   5321 |      0 |      0 |    0 |         14 |
|         (g_out[4].u_out)              | w8a12_single_out_mac_scheduler__parameterized35 |        360 |        360 |       0 |    0 |   5272 |      0 |      0 |    0 |          0 |
|         u_mac                         |                           w8a12_lane_mac_core_8 |       1643 |       1643 |       0 |    0 |     49 |      0 |      0 |    0 |          8 |
|         u_requant                     |                            span_w8a12_requant_9 |        358 |        358 |       0 |    0 |      0 |      0 |      0 |    0 |          6 |
|       g_out[5].u_out                  | w8a12_single_out_mac_scheduler__parameterized36 |       2480 |       2480 |       0 |    0 |   5330 |      0 |      0 |    0 |         14 |
|         (g_out[5].u_out)              | w8a12_single_out_mac_scheduler__parameterized36 |        189 |        189 |       0 |    0 |   5281 |      0 |      0 |    0 |          0 |
|         u_mac                         |                           w8a12_lane_mac_core_6 |       1907 |       1907 |       0 |    0 |     49 |      0 |      0 |    0 |          8 |
|         u_requant                     |                            span_w8a12_requant_7 |        384 |        384 |       0 |    0 |      0 |      0 |      0 |    0 |          6 |
|       g_out[6].u_out                  | w8a12_single_out_mac_scheduler__parameterized37 |       2760 |       2760 |       0 |    0 |   5346 |      0 |      0 |    0 |         14 |
|         (g_out[6].u_out)              | w8a12_single_out_mac_scheduler__parameterized37 |        429 |        429 |       0 |    0 |   5297 |      0 |      0 |    0 |          0 |
|         u_mac                         |                           w8a12_lane_mac_core_4 |       1949 |       1949 |       0 |    0 |     49 |      0 |      0 |    0 |          8 |
|         u_requant                     |                            span_w8a12_requant_5 |        382 |        382 |       0 |    0 |      0 |      0 |      0 |    0 |          6 |
|       g_out[7].u_out                  | w8a12_single_out_mac_scheduler__parameterized38 |       2492 |       2492 |       0 |    0 |   5331 |      0 |      0 |    0 |         14 |
|         (g_out[7].u_out)              | w8a12_single_out_mac_scheduler__parameterized38 |        190 |        190 |       0 |    0 |   5282 |      0 |      0 |    0 |          0 |
|         u_mac                         |                           w8a12_lane_mac_core_2 |       1954 |       1954 |       0 |    0 |     49 |      0 |      0 |    0 |          8 |
|         u_requant                     |                            span_w8a12_requant_3 |        348 |        348 |       0 |    0 |      0 |      0 |      0 |    0 |          6 |
|       g_out[8].u_out                  | w8a12_single_out_mac_scheduler__parameterized39 |       2775 |       2775 |       0 |    0 |   5357 |      0 |      0 |    0 |         14 |
|         (g_out[8].u_out)              | w8a12_single_out_mac_scheduler__parameterized39 |        461 |        461 |       0 |    0 |   5308 |      0 |      0 |    0 |          0 |
|         u_mac                         |                           w8a12_lane_mac_core_0 |       1961 |       1961 |       0 |    0 |     49 |      0 |      0 |    0 |          8 |
|         u_requant                     |                            span_w8a12_requant_1 |        353 |        353 |       0 |    0 |      0 |      0 |      0 |    0 |          6 |
|       g_out[9].u_out                  | w8a12_single_out_mac_scheduler__parameterized40 |       2549 |       2549 |       0 |    0 |   5330 |      0 |      0 |    0 |         14 |
|         (g_out[9].u_out)              | w8a12_single_out_mac_scheduler__parameterized40 |        181 |        181 |       0 |    0 |   5281 |      0 |      0 |    0 |          0 |
|         u_mac                         |                             w8a12_lane_mac_core |       2017 |       2017 |       0 |    0 |     49 |      0 |      0 |    0 |          8 |
|         u_requant                     |                              span_w8a12_requant |        351 |        351 |       0 |    0 |      0 |      0 |      0 |    0 |          6 |
+---------------------------------------+-------------------------------------------------+------------+------------+---------+------+--------+--------+--------+------+------------+


